[Bootstrap]
SetupTitle=AF-AT Synch Install
SetupText=Copying Files, please stand by.
CabFile=synch.CAB
Spawn=Setup1.exe
Uninstal=st6unst.exe
TmpDir=msftqws.pdw
Cabs=1

[Bootstrap Files]
File1=@VB6STKIT.DLL,$(WinSysPathSysFile),,,6/18/98 12:00:00 AM,102912,6.0.81.69
File2=@COMCAT.DLL,$(WinSysPathSysFile),$(DLLSelfRegister),,5/31/98 12:00:00 AM,22288,4.71.1460.1
File3=@MSVCRT40.DLL,$(WinSysPathSysFile),,,5/31/98 12:00:00 AM,326656,4.21.0.0
File4=@STDOLE2.TLB,$(WinSysPathSysFile),$(TLBRegister),,3/16/99 5:58:26 PM,17920,2.40.4275.1
File5=@ASYCFILT.DLL,$(WinSysPathSysFile),,,4/21/99 8:38:38 AM,147728,2.40.4275.1
File6=@OLEPRO32.DLL,$(WinSysPathSysFile),$(DLLSelfRegister),,4/21/99 8:39:40 AM,164112,5.0.4275.1
File7=@OLEAUT32.DLL,$(WinSysPathSysFile),$(DLLSelfRegister),,4/21/99 8:39:40 AM,598288,2.40.4275.1
File8=@MSVBVM60.DLL,$(WinSysPathSysFile),$(DLLSelfRegister),,9/25/98 9:09:32 PM,1409024,6.0.82.68

[IconGroups]
Group0=AF-AT Synch
PrivateGroup0=True
Parent0=$(Programs)

[AF-AT Synch]
Icon1="synch.exe"
Title1=AF-AT Synch Info
StartIn1=$(AppPath)
Icon2="synch.exe /zl"
Title2=Synch Compression Program
StartIn2=$(AppPath)
Icon3="synch.exe /log"
Title3=View Synch Log
StartIn3=$(AppPath)
Icon4="synch.exe at"
Title4=Run AT Synch
StartIn4=$(AppPath)
Icon5="synch.exe af"
Title5=Run AF Synch
StartIn5=$(AppPath)
Icon6="synch.exe af /debug"
Title6=Run AF Synch in Debug Mode
StartIn6=$(AppPath)
Icon7="synch.exe at /debug"
Title7=Run AT Synch in Debug Mode
StartIn7=$(AppPath)

[Setup]
Title=AF-AT Synch 3.02
DefaultDir=c:\database\dbsynch
AppExe=synch.exe
AppToUninstall=synch.exe

[Setup1 Files]
File1=@system.mdw,$(AppPath),,,2/22/99 5:25:00 PM,77824,0.0.0.0
File2=@dbsynlog.mdb,$(AppPath),,,3/31/99 4:51:00 PM,122880,0.0.0.0
File3=@MSSTDFMT.DLL,$(WinSysPath),$(DLLSelfRegister),$(Shared),6/18/98 12:00:00 AM,118784,6.0.81.69
File4=@MSDATGRD.OCX,$(WinSysPath),$(DLLSelfRegister),$(Shared),6/24/98 12:00:00 AM,260920,6.0.81.69
File5=@COMDLG32.OCX,$(WinSysPath),$(DLLSelfRegister),$(Shared),6/24/98 12:00:00 AM,140096,6.0.81.69
File6=@ZlibTool.ocx,$(WinSysPath),$(DLLSelfRegister),$(Shared),6/13/96 10:24:52 PM,53760,1.0.0.1
File7=@VB5DB.DLL,$(WinSysPath),,$(Shared),6/18/98 12:00:00 AM,89360,6.0.81.69
File8=@MSREPL35.DLL,$(WinSysPathSysFile),,,4/21/99 8:39:28 AM,430080,3.51.2404.0
File9=@msrd2x35.dll,$(WinSysPathSysFile),$(DLLSelfRegister),,6/23/97 3:06:50 AM,252176,3.51.623.0
File10=@EXPSRV.DLL,$(WinSysPathSysFile),$(DLLSelfRegister),,2/10/99 6:54:44 PM,379152,6.0.0.8268
File11=@VBAJET32.DLL,$(WinSysPathSysFile),,,4/26/99 10:12:26 AM,40960,6.0.1.8268
File12=@msjint35.dll,$(WinSysPathSysFile),,,4/26/99 11:37:04 PM,123664,3.51.623.0
File13=@msjter35.dll,$(WinSysPathSysFile),,,4/26/99 11:37:04 PM,24848,3.51.623.0
File14=@MSJET35.DLL,$(WinSysPathSysFile),$(DLLSelfRegister),,4/21/99 8:39:22 AM,1056768,3.51.2723.0
File15=@DAO350.DLL,$(MSDAOPath),$(DLLSelfRegister),$(Shared),4/26/99 11:37:06 PM,582144,3.50.3602.0
File16=@MSADO20.TLB,$(WinSysPath),$(TLBRegister),$(Shared),2/10/99 6:54:46 PM,48528,0.0.0.0
File17=@synch.exe,$(AppPath),,,4/28/99 7:44:04 PM,131072,3.2.0.0

; The following lines may be deleted in order to obtain extra 
; space for customizing this file on a full installation diskette.
; 
; XXXXXXXXXXXXXXXXXXXXXXXXXXXXXXXXXXXXXXXXXXXXXXXXXXXXXXXXXXXX
; XXXXXXXXXXXXXXXXXXXXXXXXXXXXXXXXXXXXXXXXXXXXXXXXXXXXXXXXXXXX
; XXXXXXXXXXXXXXXXXXXXXXXXXXXXXXXXXXXXXXXXXXXXXXXXXXXXXXXXXXXX
; XXXXXXXXXXXXXXXXXXXXXXXXXXXXXXXXXXXXXXXXXXXXXXXXXXXXXXXXXXXX
; XXXXXXXXXXXXXXXXXXXXXXXXXXXXXXXXXXXXXXXXXXXXXXXXXXXXXXXXXXXX
; XXXXXXXXXXXXXXXXXXXXXXXXXXXXXXXXXXXXXXXXXXXXXXXXXXXXXXXXXXXX
; XXXXXXXXXXXXXXXXXXXXXXXXXXXXXXXXXXXXXXXXXXXXXXXXXXXXXXXXXXXX
; XXXXXXXXXXXXXXXXXXXXXXXXXXXXXXXXXXXXXXXXXXXXXXXXXXXXXXXXXXXX
; XXXXXXXXXXXXXXXXXXXXXXXXXXXXXXXXXXXXXXXXXXXXXXXXXXXXXXXXXXXX
; XXXXXXXXXXXXXXXXXXXXXXXXXXXXXXXXXXXXXXXXXXXXXXXXXXXXXXXXXXXX
; XXXXXXXXXXXXXXXXXXXXXXXXXXXXXXXXXXXXXXXXXXXXXXXXXXXXXXXXXXXX
; XXXXXXXXXXXXXXXXXXXXXXXXXXXXXXXXXXXXXXXXXXXXXXXXXXXXXXXXXXXX
; XXXXXXXXXXXXXXXXXXXXXXXXXXXXXXXXXXXXXXXXXXXXXXXXXXXXXXXXXXXX
; XXXXXXXXXXXXXXXXXXXXXXXXXXXXXXXXXXXXXXXXXXXXXXXXXXXXXXXXXXXX
; XXXXXXXXXXXXXXXXXXXXXXXXXXXXXXXXXXXXXXXXXXXXXXXXXXXXXXXXXXXX
; XXXXXXXXXXXXXXXXXXXXXXXXXXXXXXXXXXXXXXXXXXXXXXXXXXXXXXXXXXXX
; XXXXXXXXXXXXXXXXXXXXXXXXXXXXXXXXXXXXXXXXXXXXXXXXXXXXXXXXXXXX
; XXXXXXXXXXXXXXXXXXXXXXXXXXXXXXXXXXXXXXXXXXXXXXXXXXXXXXXXXXXX
; XXXXXXXXXXXXXXXXXXXXXXXXXXXXXXXXXXXXXXXXXXXXXXXXXXXXXXXXXXXX
; XXXXXXXXXXXXXXXXXXXXXXXXXXXXXXXXXXXXXXXXXXXXXXXXXXXXXXXXXXXX
; XXXXXXXXXXXXXXXXXXXXXXXXXXXXXXXXXXXXXXXXXXXXXXXXXXXXXXXXXXXX
; XXXXXXXXXXXXXXXXXXXXXXXXXXXXXXXXXXXXXXXXXXXXXXXXXXXXXXXXXXXX
; XXXXXXXXXXXXXXXXXXXXXXXXXXXXXXXXXXXXXXXXXXXXXXXXXXXXXXXXXXXX
; XXXXXXXXXXXXXXXXXXXXXXXXXXXXXXXXXXXXXXXXXXXXXXXXXXXXXXXXXXXX
; XXXXXXXXXXXXXXXXXXXXXXXXXXXXXXXXXXXXXXXXXXXXXXXXXXXXXXXXXXXX
; XXXXXXXXXXXXXXXXXXXXXXXXXXXXXXXXXXXXXXXXXXXXXXXXXXXXXXXXXXXX
; XXXXXXXXXXXXXXXXXXXXXXXXXXXXXXXXXXXXXXXXXXXXXXXXXXXXXXXXXXXX
; XXXXXXXXXXXXXXXXXXXXXXXXXXXXXXXXXXXXXXXXXXXXXXXXXXXXXXXXXXXX
; XXXXXXXXXXXXXXXXXXXXXXXXXXXXXXXXXXXXXXXXXXXXXXXXXXXXXXXXXXXX
; XXXXXXXXXXXXXXXXXXXXXXXXXXXXXXXXXXXXXXXXXXXXXXXXXXXXXXXXXXXX
; XXXXXXXXXXXXXXXXXXXXXXXXXXXXXXXXXXXXXXXXXXXXXXXXXXXXXXXXXXXX
; XXXXXXXXXXXXXXXXXXXXXXXXXXXXXXXXXXXXXXXXXXXXXXXXXXXXXXXXXXXX
; XXXXXXXXXXXXXXXXXXXXXXXXXXXXXXXXXXXXXXXXXXXXXXXXXXXXXXXXXXXX
; XXXXXXXXXXXXXXXXXXXXXXXXXXXXXXXXXXXXXXXXXXXXXXXXXXXXXXXXXXXX
; XXXXXXXXXXXXXXXXXXXXXXXXXXXXXXXXXXXXXXXXXXXXXXXXXXXXXXXXXXXX
